// Jest Snapshot v1, https://goo.gl/fbAQLP

exports[`<App /> matches snapshot 1`] = `
<div
  className="App"
>
  <header
    className="App-header"
  >
    <img
      alt="logo"
      className="App-logo"
      src="logo.svg"
    />
    <h1>
      Quotes from The Office
    </h1>
  </header>
  <div
    className="hero"
  >
    <div
      className="imgContainer"
    >
      <span>
        
      </span>
      <button
        onClick={[Function]}
      >
        Quick Quote!
      </button>
    </div>
    <div
      className="imgContainer"
    >
      <img
        alt="best boss mug"
        src="bestboss.jpg"
      />
    </div>
  </div>
  <form
    onSubmit={[Function]}
  >
    <label
      htmlFor="season-input"
    >
      Choose a Season: 
    </label>
    <input
      id="season-input"
      max="9"
      min="1"
      name="season-input"
      onChange={[Function]}
      type="number"
      value={1}
    />
    <button
      type="submit"
    >
      Submit
    </button>
  </form>
  <div>
    <h3>
      Season 
      1
    </h3>
  </div>
</div>
`;

exports[`<Header /> should match snapshot 1`] = `
<header
  className="App-header"
>
  <img
    alt="logo"
    className="App-logo"
    src="logo.svg"
  />
  <h1>
    Quotes from The Office
  </h1>
</header>
`;
